2025-02-14T07:46:13.384Z info: User logged out with email: yasithadmin@gmail.com
2025-02-14T07:46:17.981Z info: User logged in successfully with email: yasithadmin@gmail.com
2025-02-14T08:06:46.307Z info: Item Deleted - Product Title: new test, Product ID: 67aea849a8df810413496963, User: yasithadmin@gmail.com
2025-02-14T08:07:45.224Z info: Item Added - Product Title: hello world, Product ID: 67aef9d19fbeda859248416d, Condition: Damaged, Department: ICT, Repair Date: Fri Feb 14 2025 05:30:00 GMT+0530 (India Standard Time), Hall ID: A 101, User: yasithadmin@gmail.com
2025-02-14T08:09:05.895Z info: Item Edited - Product ID: 67aef9d19fbeda859248416d, Changes Made: {Title: old = "hello world", new = "malith awa"}, {Description: old = "11", new = "aye giya"}, {Device: old = "Printer", new = "Computer"}, {ID: old = "111", new = "123"}, {Hall Type: old = "Laboratory", new = "Lecture hall"}, {Hall ID: old = "A 101", new = "AG 03"}, {Condition: old = "Damaged", new = "Under Maintenance"}, User: yasithadmin@gmail.com
2025-02-14T08:15:09.047Z info: User logged out with email: yasithadmin@gmail.com
2025-02-14T08:15:24.381Z info: User logged in successfully with email: yasithadmin@gmail.com
2025-02-14T08:17:23.417Z info: User logged out with email: yasithadmin@gmail.com
2025-02-14T08:17:33.186Z info: User logged in successfully with email: yasithuser@gmail.com
2025-02-14T08:35:58.223Z info: User logged in successfully with email: manuga@gmail.com
2025-02-14T08:37:18.831Z info: Item Added - Product Title: Router, Product ID: 67af00be77ef1ac2cab4068f, Condition: Working/Functional, Department: IAT, Repair Date: Sat Feb 22 2025 05:30:00 GMT+0530 (India Standard Time), Hall ID: A 101, User: manuga@gmail.com
2025-02-14T08:37:32.094Z info: Item Deleted - Product Title: Router, Product ID: 67af00be77ef1ac2cab4068f, User: manuga@gmail.com
2025-02-14T08:38:16.947Z info: Item Edited - Product ID: 67aef9d19fbeda859248416d, Changes Made: {ID: old = "123", new = "12"}, {Condition: old = "Under Maintenance", new = "Working/Functional"}, User: manuga@gmail.com
2025-02-17T12:07:56.068Z info: User logged in successfully with email: abc@gmail.com
2025-02-17T12:19:00.873Z info: Item Added - Product Title: Number one, Product ID: 67b32934a5d7c0da42accf88, Condition: Damaged, Department: IAT, Repair Date: Wed Feb 19 2025 05:30:00 GMT+0530 (India Standard Time), Hall ID: A 101, User: abc@gmail.com
2025-02-17T12:19:07.777Z info: Item Deleted - Product Title: Number one, Product ID: 67b32934a5d7c0da42accf88, User: abc@gmail.com
2025-02-17T12:34:47.758Z info: Item Edited - Product Title: Projector, Product ID: 453, Changes Made: {Title: old = "projector", new = "Projector"}, User: abc@gmail.com
2025-02-17T13:48:34.601Z info: User logged in successfully with email: abc@gmail.com
2025-02-17T14:23:58.342Z info: Item Added - Product Title: printers, Product ID: 67b3467ec7ce2077361c338b, Condition: Working/Functional, Department: ICT, Repair Date: Tue Feb 18 2025 05:30:00 GMT+0530 (India Standard Time), Hall ID: A 101, User: abc@gmail.com
2025-02-17T14:24:26.949Z info: Item Edited - Product Title: printers, Product ID: 1234, Changes Made: {ID: old = "567", new = "1234"}, User: abc@gmail.com
